2026-10-05 17:40:24,437 - INFO - ================================================================================
2026-10-05 17:40:24,437 - INFO - IPTV GENERATOR - SMART GEO-DETECTION (works from ANY GitHub location)
2026-10-05 17:40:24,437 - INFO - ================================================================================
2026-10-05 17:40:24,437 - INFO - Detection methods:
2026-10-05 17:40:24,437 - INFO -   1. CDN Provider Analysis (CloudFlare, Akamai, Asian CDNs...)
2026-10-05 17:40:24,437 - INFO -   2. IP Address Pattern Matching (Asian IP ranges)
2026-10-05 17:40:24,437 - INFO -   3. Hosting Provider Detection (DigitalOcean SG, AWS Asia...)
2026-10-05 17:40:24,437 - INFO -   4. Domain TLD Analysis (.vn, .sg, .th...)
2026-10-05 17:40:24,437 - INFO - 
2026-10-05 17:40:24,437 - INFO - ✓ No ping dependency - works from US/EU GitHub servers
2026-10-05 17:40:24,437 - INFO - ✓ Optimized for Vietnam users regardless of runner location
2026-10-05 17:40:24,437 - INFO - ================================================================================
2026-10-05 17:40:24,438 - INFO - 
[1/3] FETCHING SOURCES
2026-10-05 17:40:24,438 - INFO - --------------------------------------------------------------------------------
2026-10-05 17:40:24,438 - INFO - Fetching: https://raw.githubusercontent.com/dishiptv/dish/main/stream.m3u
2026-10-05 17:40:24,456 - INFO - Fetching: https://raw.githubusercontent.com/LS-Station/streamecho/main/StreamEcho.m3u8
2026-10-05 17:40:24,457 - INFO - Fetching: https://iptv-org.github.io/iptv/index.m3u
2026-10-05 17:40:24,457 - INFO - Fetching: https://raw.githubusercontent.com/Free-TV/IPTV/master/playlist.m3u8
2026-10-05 17:40:24,457 - INFO - Fetching: https://raw.githubusercontent.com/binhex/iptv/main/eng.m3u
2026-10-05 17:40:24,457 - INFO - Fetching: https://raw.githubusercontent.com/serdartas/iptv-playlist/main/refined.m3u
2026-10-05 17:40:24,458 - INFO - Fetching: https://raw.githubusercontent.com/ipstreet312/freeiptv/master/all.m3u
2026-10-05 17:40:24,458 - INFO - Fetching: https://raw.githubusercontent.com/sultanarabi161/filoox-bdix/main/playlist.m3u
2026-10-05 17:40:24,458 - INFO - Fetching: https://raw.githubusercontent.com/Miraz6755/Iptv.m3u/main/DaddyLive.m3u
2026-10-05 17:40:24,458 - INFO - Fetching: https://raw.githubusercontent.com/AAAAAEXQOSyIpN2JZ0ehUQ/iPTV-FREE-LIST/master/iPTV-Free-List_TV.m3u
2026-10-05 17:40:24,458 - INFO - Fetching: https://raw.githubusercontent.com/dp247/IPTV/master/playlists/playlist_usa.m3u8
2026-10-05 17:40:24,458 - INFO - Fetching: https://raw.githubusercontent.com/dp247/IPTV/master/playlists/playlist_uk.m3u8
2026-10-05 17:40:24,459 - INFO - Fetching: https://raw.githubusercontent.com/HabibSay/free_iptv_m3u8/refs/heads/main/all_channels.m3u
2026-10-05 17:40:24,459 - INFO - Fetching: https://raw.githubusercontent.com/AzeemHadzrie/iptv-asia/refs/heads/main/iptv_asia.m3u
2026-10-05 17:40:24,459 - INFO - Fetching: https://raw.githubusercontent.com/haqem/iptv-malaysia/refs/heads/main/singapore.m3u
2026-10-05 17:40:24,459 - INFO - Fetching: https://raw.githubusercontent.com/haqem/iptv-malaysia/refs/heads/main/sinetron.m3u
2026-10-05 17:40:24,459 - INFO - Fetching: https://raw.githubusercontent.com/haqem/iptv-malaysia/refs/heads/main/playlist.m3u
2026-10-05 17:40:24,460 - INFO - Fetching: https://raw.githubusercontent.com/haqem/iptv-malaysia/refs/heads/main/malaysia.m3u
2026-10-05 17:40:24,460 - INFO - Fetching: https://raw.githubusercontent.com/haqem/iptv-malaysia/refs/heads/main/korea.m3u
2026-10-05 17:40:24,460 - INFO - Fetching: https://raw.githubusercontent.com/haqem/iptv-malaysia/refs/heads/main/japan.m3u
2026-10-05 17:40:24,460 - INFO - Fetching: https://raw.githubusercontent.com/haqem/iptv-malaysia/refs/heads/main/international.m3u
2026-10-05 17:40:24,460 - INFO - Fetching: https://raw.githubusercontent.com/haqem/iptv-malaysia/refs/heads/main/indonesia.m3u
2026-10-05 17:40:24,460 - INFO - Fetching: https://raw.githubusercontent.com/haqem/iptv-malaysia/refs/heads/main/asia.m3u
2026-10-05 17:40:24,460 - INFO - Fetching: https://raw.githubusercontent.com/haqem/iptv-malaysia/refs/heads/main/index.m3u
2026-10-05 17:40:24,461 - INFO - Fetching: https://raw.githubusercontent.com/haqem/iptv-malaysia/refs/heads/main/channels/my.m3u
2026-10-05 17:40:24,461 - INFO - Fetching: https://raw.githubusercontent.com/haqem/iptv-malaysia/refs/heads/main/channels/id.m3u
2026-10-05 17:40:24,461 - INFO - Fetching: https://raw.githubusercontent.com/est8survey/Asia_IPTV_Astro_Combined.m3u/refs/heads/main/Asia_IPTV_Astro_Combined.m3u
2026-10-05 17:40:24,461 - INFO - Fetching: https://aymrgknetzpucldhpkwm.supabase.co/storage/v1/object/public/tmdb/top-movies.m3u
2026-10-05 17:40:24,461 - INFO - Fetching: https://aymrgknetzpucldhpkwm.supabase.co/storage/v1/object/public/tmdb/action-movies.m3u
2026-10-05 17:40:24,461 - INFO - Fetching: https://aymrgknetzpucldhpkwm.supabase.co/storage/v1/object/public/tmdb/comedy-movies.m3u
2026-10-05 17:40:24,462 - INFO - Fetching: https://aymrgknetzpucldhpkwm.supabase.co/storage/v1/object/public/tmdb/horror-movies.m3u
2026-10-05 17:40:24,511 - ERROR - Error: https://aymrgknetzpucldhpkwm.supabase.co/storage/v1/object/public/tmdb/top-movies.m3u - Cannot connect to host aymrgknetzpucldhpkwm.supaba
2026-10-05 17:40:24,511 - ERROR - Error: https://aymrgknetzpucldhpkwm.supabase.co/storage/v1/object/public/tmdb/action-movies.m3u - Cannot connect to host aymrgknetzpucldhpkwm.supaba
2026-10-05 17:40:24,512 - ERROR - Error: https://aymrgknetzpucldhpkwm.supabase.co/storage/v1/object/public/tmdb/comedy-movies.m3u - Cannot connect to host aymrgknetzpucldhpkwm.supaba
2026-10-05 17:40:24,512 - ERROR - Error: https://aymrgknetzpucldhpkwm.supabase.co/storage/v1/object/public/tmdb/horror-movies.m3u - Cannot connect to host aymrgknetzpucldhpkwm.supaba
2026-10-05 17:42:52,705 - INFO - ✓ 2070 channels from https://raw.githubusercontent.com/Free-TV/IPTV/master/playlist.m3u8
2026-10-05 17:42:52,713 - ERROR - Error: https://iptv-org.github.io/iptv/index.m3u - 
2026-10-05 17:42:52,713 - ERROR - Error: https://raw.githubusercontent.com/ipstreet312/freeiptv/master/all.m3u - 
2026-10-05 17:42:52,713 - ERROR - Error: https://raw.githubusercontent.com/AzeemHadzrie/iptv-asia/refs/heads/main/iptv_asia.m3u - 
2026-10-05 17:42:52,713 - ERROR - Error: https://raw.githubusercontent.com/haqem/iptv-malaysia/refs/heads/main/singapore.m3u - 
2026-10-05 17:42:52,713 - ERROR - Error: https://raw.githubusercontent.com/Miraz6755/Iptv.m3u/main/DaddyLive.m3u - 
2026-10-05 17:42:52,714 - ERROR - Error: https://raw.githubusercontent.com/haqem/iptv-malaysia/refs/heads/main/sinetron.m3u - 
2026-10-05 17:42:52,714 - ERROR - Error: https://raw.githubusercontent.com/sultanarabi161/filoox-bdix/main/playlist.m3u - 
2026-10-05 17:42:52,714 - ERROR - Error: https://raw.githubusercontent.com/dp247/IPTV/master/playlists/playlist_uk.m3u8 - 
2026-10-05 17:42:52,714 - ERROR - Error: https://raw.githubusercontent.com/dp247/IPTV/master/playlists/playlist_usa.m3u8 - 
2026-10-05 17:42:52,714 - ERROR - Error: https://raw.githubusercontent.com/LS-Station/streamecho/main/StreamEcho.m3u8 - 
2026-10-05 17:42:52,715 - ERROR - Error: https://raw.githubusercontent.com/binhex/iptv/main/eng.m3u - 
2026-10-05 17:42:52,715 - ERROR - Error: https://raw.githubusercontent.com/serdartas/iptv-playlist/main/refined.m3u - 
2026-10-05 17:42:52,715 - ERROR - Error: https://raw.githubusercontent.com/dishiptv/dish/main/stream.m3u - 
2026-10-05 17:42:52,715 - ERROR - Error: https://raw.githubusercontent.com/AAAAAEXQOSyIpN2JZ0ehUQ/iPTV-FREE-LIST/master/iPTV-Free-List_TV.m3u - 
2026-10-05 17:42:52,715 - ERROR - Error: https://raw.githubusercontent.com/HabibSay/free_iptv_m3u8/refs/heads/main/all_channels.m3u - 
2026-10-05 17:42:52,716 - ERROR - Error: https://raw.githubusercontent.com/haqem/iptv-malaysia/refs/heads/main/index.m3u - 
2026-10-05 17:42:52,716 - ERROR - Error: https://raw.githubusercontent.com/est8survey/Asia_IPTV_Astro_Combined.m3u/refs/heads/main/Asia_IPTV_Astro_Combined.m3u - 
2026-10-05 17:42:52,716 - ERROR - Error: https://raw.githubusercontent.com/haqem/iptv-malaysia/refs/heads/main/channels/id.m3u - 
2026-10-05 17:42:52,716 - ERROR - Error: https://raw.githubusercontent.com/haqem/iptv-malaysia/refs/heads/main/channels/my.m3u - 
2026-10-05 17:42:52,716 - ERROR - Error: https://raw.githubusercontent.com/haqem/iptv-malaysia/refs/heads/main/asia.m3u - 
2026-10-05 17:42:52,716 - ERROR - Error: https://raw.githubusercontent.com/haqem/iptv-malaysia/refs/heads/main/indonesia.m3u - 
2026-10-05 17:42:52,716 - ERROR - Error: https://raw.githubusercontent.com/haqem/iptv-malaysia/refs/heads/main/international.m3u - 
2026-10-05 17:42:52,716 - ERROR - Error: https://raw.githubusercontent.com/haqem/iptv-malaysia/refs/heads/main/japan.m3u - 
2026-10-05 17:42:52,716 - ERROR - Error: https://raw.githubusercontent.com/haqem/iptv-malaysia/refs/heads/main/korea.m3u - 
2026-10-05 17:42:52,716 - ERROR - Error: https://raw.githubusercontent.com/haqem/iptv-malaysia/refs/heads/main/malaysia.m3u - 
2026-10-05 17:42:52,717 - ERROR - Error: https://raw.githubusercontent.com/haqem/iptv-malaysia/refs/heads/main/playlist.m3u - 
2026-10-05 17:42:52,717 - INFO - 
Total channels fetched: 2070
2026-10-05 17:42:52,718 - INFO - After quality pre-filter: 1514
2026-10-05 17:42:52,718 - INFO - 
📊 GEO-DETECTION ANALYSIS:
2026-10-05 17:42:52,718 - INFO - --------------------------------------------------------------------------------
2026-10-05 17:42:52,718 - INFO -   VN servers: 6
2026-10-05 17:42:52,718 - INFO -   SG servers: 185
2026-10-05 17:42:52,718 - INFO -   SEA region: 3
2026-10-05 17:42:52,718 - INFO -   ASIA region: 75
2026-10-05 17:42:52,718 - INFO -   CDN (global): 131
2026-10-05 17:42:52,718 - INFO -   Unknown: 1112
2026-10-05 17:42:52,719 - INFO - 
📊 CONFIDENCE LEVELS:
2026-10-05 17:42:52,719 - INFO -   High (≥80%): 389
2026-10-05 17:42:52,719 - INFO -   Medium (60-79%): 11
2026-10-05 17:42:52,719 - INFO -   Low (<60%): 1114
2026-10-05 17:42:52,719 - INFO - 
✨ SMART FINDS PREVIEW (Global content on SEA servers):
2026-10-05 17:42:52,719 - INFO -   → 10 Bold | Server: SG (confidence: 95%)
2026-10-05 17:42:52,719 - INFO -   → LÉquipe  | Server: SG (confidence: 95%)
2026-10-05 17:42:52,719 - INFO -   → Sportitalia Plus | Server: SG (confidence: 95%)
2026-10-05 17:42:52,719 - INFO -   → CGTN Pусский | Server: VN (confidence: 100%)
2026-10-05 17:42:52,719 - INFO -   → STV  | Server: SG (confidence: 95%)
2026-10-05 17:42:52,719 - INFO - 
[2/3] CHECKING CHANNEL AVAILABILITY
2026-10-05 17:42:52,719 - INFO - --------------------------------------------------------------------------------
2026-10-05 17:43:11,225 - INFO - Progress: 450/1514 | Working: 262
2026-10-05 17:43:31,658 - INFO - Progress: 900/1514 | Working: 573
2026-10-05 17:43:52,659 - INFO - Progress: 1350/1514 | Working: 830
2026-10-05 17:43:54,273 - INFO - Progress: 1514/1514 | Working: 864
2026-10-05 17:43:54,286 - INFO - 
[3/3] FILTERING & GENERATING OUTPUT
2026-10-05 17:43:54,286 - INFO - --------------------------------------------------------------------------------
2026-10-05 17:43:54,286 - INFO - Starting SMART geo-filtering on 1514 channels...
2026-10-05 17:43:54,286 - INFO - Working channels: 864/1514
2026-10-05 17:43:54,286 - INFO - After quality filter: 864/864
2026-10-05 17:43:54,286 - INFO - Fast enough: 861/864
2026-10-05 17:43:54,287 - INFO - After URL dedup: 850
2026-10-05 17:43:54,288 - INFO - Final channels: 833
2026-10-05 17:43:54,288 - INFO -   └─ VN: 6 | SG: 50 | SEA: 1 | ASIA: 61 | CDN: 69
2026-10-05 17:43:54,288 - INFO -   └─ High confidence (≥80%): 178/833
2026-10-05 17:43:54,288 - INFO -   └─ ✨ SMART FINDS: 12 Global channels on SEA servers!
2026-10-05 17:43:54,288 - INFO - Generating SMART geo-optimized M3U playlist...
2026-10-05 17:43:54,291 - INFO - 
================================================================================
2026-10-05 17:43:54,291 - INFO - ✓✓✓ SUCCESS! Generated 833 SMART GEO-OPTIMIZED channels
2026-10-05 17:43:54,292 - INFO - ================================================================================
2026-10-05 17:43:54,292 - INFO - SMART DETECTION SUMMARY:
2026-10-05 17:43:54,292 - INFO -   Server Distribution:
2026-10-05 17:43:54,292 - INFO -     → VN servers: 6
2026-10-05 17:43:54,292 - INFO -     → SG servers: 50
2026-10-05 17:43:54,292 - INFO -     → SEA region: 1
2026-10-05 17:43:54,292 - INFO -     → ASIA region: 61
2026-10-05 17:43:54,292 - INFO -     → CDN global: 69
2026-10-05 17:43:54,292 - INFO -   High confidence detections: 178/833 (21%)
2026-10-05 17:43:54,292 - INFO -   ✨ SMART FINDS: 12 USA/Global channels on SEA servers!
2026-10-05 17:43:54,292 - INFO - 
2026-10-05 17:43:54,293 - INFO - Execution time: 3m 29s
2026-10-05 17:43:54,293 - INFO - Playlist saved to: playlist.m3u
2026-10-05 17:43:54,293 - INFO - ================================================================================
2026-10-05 17:43:54,293 - INFO - ✓ Detection works from ANY GitHub Actions location (US/EU/Asia)
2026-10-05 17:43:54,293 - INFO - ✓ Optimized for Vietnam users based on server geo-location
2026-10-05 17:43:54,293 - INFO - ================================================================================
